I'm sorry, but errors were detected in your script. Please correct the
errors listed below, and try again.


File "game/day5dep.rpy", line 23: Line is indented, but the preceding say statement statement does not expect a block. Please check this line's indentation. You may have forgotten a colon (:).
    jump .untrust
    ^

Ren'Py Version: Ren'Py 8.2.1.24030407
Fri Apr  5 18:24:12 2024
